[bumblebee-mustard-727x.squarespace.com/index.html]
[backblue.gif]
[fade.gif]
[index.html]
[images.squarespace-cdn.com/content/661d9f900fca3e53a3118624/6492d03e-3946-41c8-91e6-6a1198d93ae7/${f}5d45.png]
[use.typekit.net/ik/ARHmI1nJmaeA55yUWLzxvX_glG-DtCuAMMzqF4N42PXfeqCJXnX1IyvhF2jtFRZLFRjUZ28c5QM3ZcFywh9uwhIDwQItFRJXe6MK2hyydY8yScblZe8DSeUypPGHf5A5MyMMeMw6MTMgzwnhCMj.js]
[assets.squarespace.com/@sqs/polyfiller/1.6/legacy.js]
[assets.squarespace.com/universal/scripts-compressed/extract-css-runtime-1bf2b7f19d57989104ad-min.en-US.js]
[assets.squarespace.com/universal/scripts-compressed/cldr-resource-pack-e94539391642d3b99900-min.en-US.js]
[assets.squarespace.com/@sqs/polyfiller/1.6/modern.js]
[assets.squarespace.com/universal/scripts-compressed/common-vendors-stable-3598b219a3c023c1915a-min.en-US.js]
[assets.squarespace.com/universal/scripts-compressed/performance-05b0d13675885805a64c-min.en-US.js]
[assets.squarespace.com/universal/scripts-compressed/extract-css-moment-js-vendor-6f117db4eb7fd4392375-min.en-US.js]
[static1.squarespace.com/static/vta/5c5a519771c10ba3470d8101/versioned-assets/1712772943022-RISL5OTW906SEOCXSNEC/static.css]
[static1.squarespace.com/static/versioned-site-css/661d9f900fca3e53a3118624/5/5c5a519771c10ba3470d8101/661d9f910fca3e53a3118633/1517/site.css]
[images.squarespace-cdn.com/content/v1/661d9f900fca3e53a3118624/6492d03e-3946-41c8-91e6-6a1198d93ae7/${f}26f7.png]
[bumblebee-mustard-727x.squarespace.com/cart.html]
[images.squarespace-cdn.com/content/v1/661d9f900fca3e53a3118624/39014ee3-3a3a-4edb-b997-a3e4b1b949b0/red.png]
[images.squarespace-cdn.com/content/v1/661d9f900fca3e53a3118624/7d430bc5-b5f2-44ba-837d-1a54f8d2d664/Screenshot+2024-04-14+201850.jpg]
[assets.squarespace.com/universal/scripts-compressed/common-vendors-cd0a2c7859889265cc34-min.en-US.js]
[images.squarespace-cdn.com/content/v1/661d9f900fca3e53a3118624/180085c0-d1db-4845-b9b8-21d6a960fde0/Screenshot+2024-04-14+201901.png]
[images.squarespace-cdn.com/content/v1/661d9f900fca3e53a3118624/4a458082-55e7-417a-a619-c2bea363ba48/Screenshot+2024-04-14+201918.png]
[images.squarespace-cdn.com/content/v1/661d9f900fca3e53a3118624/6492d03e-3946-41c8-91e6-6a1198d93ae7/${f}.png]
[assets.squarespace.com/universal/scripts-compressed/common-91276a61d339e91d5eb4-min.en-US.js]
[bumblebee-mustard-727x.squarespace.com/index.html]
[assets.squarespace.com/universal/images-v6/damask/error-dark.png]
[assets.squarespace.com/universal/images-v6/damask/error-dark@2x.png]
[static1.squarespace.com/static/vta/5c5a519771c10ba3470d8101/scripts/site-bundle.c60096393cff060396b454574afa2699.js]
[assets.squarespace.com/universal/images-v6/damask/play-button.png]
[assets.squarespace.com/universal/images-v6/damask/play-button@2x.png]
[assets.squarespace.com/universal/images-v6/damask/edit-aviary-light.png]
[assets.squarespace.com/universal/images-v6/damask/edit-aviary-light@2x.png]
[assets.squarespace.com/universal/images-v6/damask/edit-info-light.png]
[assets.squarespace.com/universal/images-v6/damask/edit-info-light@2x.png]
[assets.squarespace.com/universal/images-v6/damask/trash-9-light.png]
[assets.squarespace.com/universal/images-v6/damask/trash-9-light@2x.png]
[assets.squarespace.com/universal/images-v6/damask/trash-9-red.png]
[assets.squarespace.com/universal/images-v6/damask/trash-9-red@2x.png]
[assets.squarespace.com/universal/images-v6/damask/getty-16-light.png]
[assets.squarespace.com/universal/images-v6/damask/getty-32-light.png]
[assets.squarespace.com/universal/images-v6/damask/shopping-cart-16-light.png]
[assets.squarespace.com/universal/images-v6/damask/shopping-cart-32-light.png]
[assets.squarespace.com/universal/images-v6/icons/block-indicator-dark.png]
[assets.squarespace.com/universal/images-v6/icons/block-indicator-dark@2x.png]
[assets.squarespace.com/universal/images-v6/icons/opentable-icons.png]
[assets.squarespace.com/universal/images-v6/icons/icon-searchqueries-20-dark.png]
[assets.squarespace.com/universal/images-v6/icons/icon-searchqueries-20-light.png]
[assets.squarespace.com/universal/images-v6/icons/icon-video-24-light-solid.png]
[assets.squarespace.com/universal/images-v6/standard/icon_close_7_light.png]
[assets.squarespace.com/universal/images-v6/icons/icon-settings-16-light.png]
[static1.squarespace.com/static/versioned-site-css/661d9f900fca3e53a3118624/5/5c5a519771c10ba3470d8101/661d9f910fca3e53a3118633/1517/site.css]
[static1.squarespace.com/static/vta/5c5a519771c10ba3470d8101/versioned-assets/1712772943022-RISL5OTW906SEOCXSNEC/static.css]
[bumblebee-mustard-727x.squarespace.com/cart.html]
